interactions:
- request:
    body: null
    headers:
      Accept:
      - application/x-research-info-systems
      Accept-Encoding:
      - gzip, deflate
      Connection:
      - keep-alive
      User-Agent:
      - python-requests/2.31.0
    method: GET
    uri: https://doi.org/10.59350/sfzv4-xdb68
  response:
    body:
      string: '<html><head><title>Handle Redirect</title></head>

        <body><a href="https://api.crossref.org/v1/works/10.59350%2Fsfzv4-xdb68/transform">https://api.crossref.org/v1/works/10.59350%2Fsfzv4-xdb68/transform</a></body></html>'
    headers:
      CF-Cache-Status:
      - DYNAMIC
      CF-RAY:
      - 825e244dcbed0bae-AMS
      Connection:
      - keep-alive
      Content-Length:
      - '217'
      Content-Type:
      - text/html;charset=utf-8
      Date:
      - Tue, 14 Nov 2023 09:14:01 GMT
      NEL:
      - '{"success_fraction":0,"report_to":"cf-nel","max_age":604800}'
      Report-To:
      - '{"endpoints":[{"url":"https:\/\/a.nel.cloudflare.com\/report\/v3?s=8AFt0u74iG9X0S6SRzJr19UolpW%2BK%2F4f6BmYb6raijORYiMeZ61aIJj4D4jmp97GxEPccMa4qjx%2FdzRBPYXm76ITRt557qpB7OArlk374Lmzmc2s4Qja9qdAUt6h%2BidEg0pk%2B%2BQ%3D"}],"group":"cf-nel","max_age":604800}'
      Server:
      - cloudflare
      Strict-Transport-Security:
      - max-age=31536000; includeSubDomains; preload
      alt-svc:
      - h3=":443"; ma=86400
      expires:
      - Tue, 14 Nov 2023 10:09:17 GMT
      location:
      - https://api.crossref.org/v1/works/10.59350%2Fsfzv4-xdb68/transform
      permissions-policy:
      - interest-cohort=(),browsing-topics=()
      vary:
      - Accept
    status:
      code: 302
      message: Found
- request:
    body: null
    headers:
      Accept:
      - application/x-research-info-systems
      Accept-Encoding:
      - gzip, deflate
      Connection:
      - keep-alive
      User-Agent:
      - python-requests/2.31.0
    method: GET
    uri: https://api.crossref.org/v1/works/10.59350%2Fsfzv4-xdb68/transform
  response:
    body:
      string: "TY  - GENERIC\nDO  - 10.59350/sfzv4-xdb68\nUR  - http://dx.doi.org/10.59350/sfzv4-xdb68\nTI
        \ - \xBFQu\xE9 libros cient\xEDficos publicamos en Ediciones Universidad de
        Camag\xFCey?\nAU  - Fern\xE1ndez, Norbisley\nPY  - 2023\nDA  - 2023/10/06\nPB
        \ - Front Matter\nER  - \n"
    headers:
      access-control-allow-headers:
      - X-Requested-With, Accept, Accept-Encoding, Accept-Charset, Accept-Language,
        Accept-Ranges, Cache-Control
      access-control-allow-origin:
      - '*'
      access-control-expose-headers:
      - Link
      connection:
      - close
      content-type:
      - application/x-research-info-systems
      date:
      - Tue, 14 Nov 2023 09:14:02 GMT
      link:
      - "<http://dx.doi.org/10.59350/sfzv4-xdb68>; rel=\"canonical\", <https://norbisley.wordpress.com/2023/10/06/que-libros-cientificos-publicamos>;
        version=\"vor\"; type=\"text/html\"; rel=\"item\", <https://creativecommons.org/licenses/by/4.0/legalcode>;
        version=\"vor\"; rel=\"license\", <https://creativecommons.org/licenses/by/4.0/legalcode>;
        version=\"tdm\"; rel=\"license\", <http://orcid.org/0000-0002-9373-4622>;
        title=\"Norbisley Fern\xE1ndez\"; rel=\"author\""
      permissions-policy:
      - interest-cohort=()
      server:
      - Jetty(9.4.40.v20210413)
      transfer-encoding:
      - chunked
      vary:
      - Accept
      x-api-pool:
      - public
      x-rate-limit-interval:
      - 1s
      x-rate-limit-limit:
      - '50'
      x-ratelimit-interval:
      - 1s
      x-ratelimit-limit:
      - '50'
    status:
      code: 200
      message: OK
- request:
    body: null
    headers:
      Accept:
      - application/x-research-info-systems
      Accept-Encoding:
      - gzip, deflate
      Connection:
      - keep-alive
      User-Agent:
      - python-requests/2.31.0
    method: GET
    uri: https://doi.org/10.59350/sfzv4-xdb68
  response:
    body:
      string: '<html><head><title>Handle Redirect</title></head>

        <body><a href="https://api.crossref.org/v1/works/10.59350%2Fsfzv4-xdb68/transform">https://api.crossref.org/v1/works/10.59350%2Fsfzv4-xdb68/transform</a></body></html>'
    headers:
      CF-Cache-Status:
      - DYNAMIC
      CF-RAY:
      - 825e35db5c781c7e-AMS
      Connection:
      - keep-alive
      Content-Length:
      - '217'
      Content-Type:
      - text/html;charset=utf-8
      Date:
      - Tue, 14 Nov 2023 09:26:00 GMT
      NEL:
      - '{"success_fraction":0,"report_to":"cf-nel","max_age":604800}'
      Report-To:
      - '{"endpoints":[{"url":"https:\/\/a.nel.cloudflare.com\/report\/v3?s=cb%2BviQaiMCelcFUuZF9UIsQK9Dsfs1kQ1EL4UFPtjwy3ZI8EGN7q5aYwLhQmiQ%2FUV%2FCb%2Fu9BcxtLWC1MvRSRZSuGUbRHSsjpyso7mKBjLLcgfqCql9o38W7o2dBA9tSdbVWVmfQ%3D"}],"group":"cf-nel","max_age":604800}'
      Server:
      - cloudflare
      Strict-Transport-Security:
      - max-age=31536000; includeSubDomains; preload
      alt-svc:
      - h3=":443"; ma=86400
      expires:
      - Tue, 14 Nov 2023 09:53:17 GMT
      location:
      - https://api.crossref.org/v1/works/10.59350%2Fsfzv4-xdb68/transform
      permissions-policy:
      - interest-cohort=(),browsing-topics=()
      vary:
      - Accept
    status:
      code: 302
      message: Found
- request:
    body: null
    headers:
      Accept:
      - application/x-research-info-systems
      Accept-Encoding:
      - gzip, deflate
      Connection:
      - keep-alive
      User-Agent:
      - python-requests/2.31.0
    method: GET
    uri: https://api.crossref.org/v1/works/10.59350%2Fsfzv4-xdb68/transform
  response:
    body:
      string: "TY  - GENERIC\nDO  - 10.59350/sfzv4-xdb68\nUR  - http://dx.doi.org/10.59350/sfzv4-xdb68\nTI
        \ - \xBFQu\xE9 libros cient\xEDficos publicamos en Ediciones Universidad de
        Camag\xFCey?\nAU  - Fern\xE1ndez, Norbisley\nPY  - 2023\nDA  - 2023/10/06\nPB
        \ - Front Matter\nER  - \n"
    headers:
      access-control-allow-headers:
      - X-Requested-With, Accept, Accept-Encoding, Accept-Charset, Accept-Language,
        Accept-Ranges, Cache-Control
      access-control-allow-origin:
      - '*'
      access-control-expose-headers:
      - Link
      connection:
      - close
      content-type:
      - application/x-research-info-systems
      date:
      - Tue, 14 Nov 2023 09:26:00 GMT
      link:
      - "<http://dx.doi.org/10.59350/sfzv4-xdb68>; rel=\"canonical\", <https://norbisley.wordpress.com/2023/10/06/que-libros-cientificos-publicamos>;
        version=\"vor\"; type=\"text/html\"; rel=\"item\", <https://creativecommons.org/licenses/by/4.0/legalcode>;
        version=\"vor\"; rel=\"license\", <https://creativecommons.org/licenses/by/4.0/legalcode>;
        version=\"tdm\"; rel=\"license\", <http://orcid.org/0000-0002-9373-4622>;
        title=\"Norbisley Fern\xE1ndez\"; rel=\"author\""
      permissions-policy:
      - interest-cohort=()
      server:
      - Jetty(9.4.40.v20210413)
      transfer-encoding:
      - chunked
      vary:
      - Accept
      x-api-pool:
      - public
      x-rate-limit-interval:
      - 1s
      x-rate-limit-limit:
      - '50'
      x-ratelimit-interval:
      - 1s
      x-ratelimit-limit:
      - '50'
    status:
      code: 200
      message: OK
version: 1
